<html>
<body>
<pre>
<h1>礦ision Build Log</h1>
<h2>Tool Versions:</h2>
IDE-Version: μVision V5.24.2.0
Copyright (C) 2017 ARM Ltd and ARM Germany GmbH. All rights reserved.
License Information: 1 1, 1, LIC=D0D7S-LR4J4-JJW6S-L977G-PD1A1-JPKPG
 
Tool Versions:
Toolchain:       MDK-ARM Plus  Version: 5.24.1
Toolchain Path:  C:\Keil_v5\ARM\ARMCC\Bin
C Compiler:      Armcc.exe V5.06 update 5 (build 528)
Assembler:       Armasm.exe V5.06 update 5 (build 528)
Linker/Locator:  ArmLink.exe V5.06 update 5 (build 528)
Library Manager: ArmAr.exe V5.06 update 5 (build 528)
Hex Converter:   FromElf.exe V5.06 update 5 (build 528)
CPU DLL:         SARMCM3.DLL V5.24.1
Dialog DLL:      DCM.DLL V1.16.0.0
Target DLL:      CMSIS_AGDI.dll V1.28.3.0
Dialog DLL:      TCM.DLL V1.32.0.0
 
<h2>Project:</h2>
D:\work\mcufile\1.液晶实时显示\Project\RVMDK（uv4）\BH-F103.uvprojx
Project File Date:  03/23/2026

<h2>Output:</h2>
*** Using Compiler 'V5.06 update 5 (build 528)', folder: 'C:\Keil_v5\ARM\ARMCC\Bin'
Rebuild target '摄像头—OV7725'
assembling startup_stm32f10x_hd.s...
compiling core_cm3.c...
compiling stm32f10x_dac.c...
compiling stm32f10x_exti.c...
compiling stm32f10x_dbgmcu.c...
compiling stm32f10x_dma.c...
compiling stm32f10x_crc.c...
compiling misc.c...
compiling stm32f10x_adc.c...
compiling stm32f10x_cec.c...
compiling system_stm32f10x.c...
compiling stm32f10x_bkp.c...
compiling stm32f10x_can.c...
compiling stm32f10x_flash.c...
compiling stm32f10x_fsmc.c...
compiling stm32f10x_gpio.c...
compiling stm32f10x_i2c.c...
compiling stm32f10x_iwdg.c...
compiling stm32f10x_pwr.c...
compiling stm32f10x_rtc.c...
compiling stm32f10x_rcc.c...
compiling stm32f10x_sdio.c...
compiling stm32f10x_spi.c...
compiling stm32f10x_usart.c...
compiling stm32f10x_wwdg.c...
compiling stm32f10x_it.c...
..\..\User\./ov7725/bsp_ov7725.h(306): warning:  #1295-D: Deprecated declaration ReadAndUpgrate - give arg types
  void ReadAndUpgrate();
..\..\User\stm32f10x_it.c: 1 warning, 0 errors
compiling stm32f10x_tim.c...
compiling bsp_sccb.c...
compiling bsp_SysTick.c...
compiling main.c...
..\..\User\./ov7725/bsp_ov7725.h(306): warning:  #1295-D: Deprecated declaration ReadAndUpgrate - give arg types
  void ReadAndUpgrate();
..\..\User\main.c: 1 warning, 0 errors
compiling fonts.c...
compiling bsp_ov7725.c...
..\..\User\tiny_jpeg\tiny_jpeg.h(1479): warning:  #177-D: variable "height"  was declared but never referenced
      int height = state->height;
..\..\User\./ov7725/bsp_ov7725.h(188): warning:  #47-D: incompatible redefinition of macro "FIFO_INPUT_BUF_SIZE"  (declared at line 9 of "..\..\User\dma\bsp_dma.h")
  #define FIFO_INPUT_BUF_SIZE (uint32_t)(320*8*3)
..\..\User\./ov7725/bsp_ov7725.h(189): warning:  #47-D: incompatible redefinition of macro "MAX_CHUNK_SIZE"  (declared at line 6 of "..\..\User\dma\bsp_dma.h")
  #define MAX_CHUNK_SIZE       (uint32_t)(320*4*3)
..\..\User\./ov7725/bsp_ov7725.h(306): warning:  #1295-D: Deprecated declaration ReadAndUpgrate - give arg types
  void ReadAndUpgrate();
..\..\User\ov7725\bsp_ov7725.c: 4 warnings, 0 errors
compiling bsp_ili9341_lcd.c...
compiling bsp_led.c...
compiling bsp_key.c...
compiling bsp_usart.c...
compiling bsp_dma.c...
compiling croutine.c...
compiling event_groups.c...
compiling list.c...
compiling timers.c...
compiling queue.c...
compiling heap_4.c...
compiling tasks.c...
compiling port.c...
linking...
Program Size: Code=15204 RO-data=16240 RW-data=312 ZI-data=20456  
FromELF: creating hex file...
"..\..\Output\OV7725.axf" - 0 Error(s), 6 Warning(s).

<h2>Software Packages used:</h2>

Package Vendor: Keil
                http://www.keil.com/pack/Keil.STM32F1xx_DFP.2.2.0.pack
                Keil.STM32F1xx_DFP.2.2.0
                STMicroelectronics STM32F1 Series Device Support, Drivers and Examples

<h2>Collection of Component include folders:</h2>
  .\RTE\_________OV7725
  C:\Keil_v5\ARM\PACK\Keil\STM32F1xx_DFP\2.2.0\Device\Include

<h2>Collection of Component Files used:</h2>
Build Time Elapsed:  00:00:03
</pre>
</body>
</html>
